2026-08-25 05:25:16 - INFO     - kas 5.5 started on Debian GNU/Linux trixie
2026-08-25 05:25:16 - INFO     - Repository bitbake already contains acfe02fa38b5da9e6a36c6cedcf91d4fcbefbfbd as commit
2026-08-25 05:25:16 - INFO     - Repository openembedded-core already contains 5d1aa5c806c061a2994f4decb59016610f093213 as commit
2026-08-25 05:25:16 - INFO     - Repository meta-yocto already contains 24c24cef5d1523fefe43a3e3d34667b37ae551f3 as commit
2026-08-25 05:25:16 - INFO     - Repository bitbake checked out to acfe02fa38b5da9e6a36c6cedcf91d4fcbefbfbd
2026-08-25 05:25:16 - INFO     - Repository openembedded-core checked out to 5d1aa5c806c061a2994f4decb59016610f093213
2026-08-25 05:25:16 - INFO     - Repository meta-yocto checked out to 24c24cef5d1523fefe43a3e3d34667b37ae551f3
2026-08-25 05:25:16 - INFO     - To start the default build, run: bitbake -c build duduclaw-image-minimal
runqemu - INFO - Running bitbake -e  duduclaw-image-minimal...
runqemu - INFO - Continuing with the following parameters:
MACHINE: [duduclaw-qemux86-64]
FSTYPE: [wic]
ROOTFS: [/yocto-vmfs/tmp-duduclaw-qemux86-64/deploy/images/duduclaw-qemux86-64/duduclaw-image-minimal-duduclaw-qemux86-64.rootfs.wic]
Disabled. Changes on rootfs will be kept after QEMU shutdown.
OVMF: ['/yocto-vmfs/tmp-duduclaw-qemux86-64/deploy/images/duduclaw-qemux86-64/ovmf.qcow2']
CONFFILE: [/yocto-vmfs/tmp-duduclaw-qemux86-64/deploy/images/duduclaw-qemux86-64/duduclaw-image-minimal-duduclaw-qemux86-64.rootfs.qemuboot.conf]

runqemu - INFO - Network configuration: ip=dhcp
runqemu - INFO - Port forward: hostfwd=tcp:127.0.0.1:2222-:22 hostfwd=tcp:127.0.0.1:2323-:23
runqemu - INFO - Using scsi drive
runqemu - INFO - Running /yocto-vmfs/tmp-duduclaw-qemux86-64/work/aarch64-linux/qemu-helper-native/1.0/recipe-sysroot-native/usr/bin/qemu-system-x86_64 -device virtio-net-pci,netdev=net0,mac=52:54:00:12:35:02 -netdev user,id=net0,hostfwd=tcp:127.0.0.1:2222-:22,hostfwd=tcp:127.0.0.1:2323-:23,tftp=/yocto-vmfs/tmp-duduclaw-qemux86-64/deploy/images/duduclaw-qemux86-64 -object rng-random,filename=/dev/urandom,id=rng0 -device virtio-rng-pci,rng=rng0 -drive if=none,id=hd,file=/yocto-vmfs/tmp-duduclaw-qemux86-64/deploy/images/duduclaw-qemux86-64/duduclaw-image-minimal-duduclaw-qemux86-64.rootfs.wic,format=raw -device virtio-scsi-pci,id=scsi -device scsi-hd,drive=hd -usb -device usb-tablet -usb -device usb-kbd -drive if=pflash,format=qcow2,file=/yocto-vmfs/tmp-duduclaw-qemux86-64/deploy/images/duduclaw-qemux86-64/ovmf.qcow2   -cpu Skylake-Client -machine q35,i8042=off -smp 4 -m 256 -serial mon:stdio -serial null -nographic  

runqemu - INFO - Host uptime: 79209.21

[2J[001;001H[=3h[2J[001;001H[2J[001;001H[8;042;160t[2J[001;001H[2J[001;001H[8;056;240t[2J[001;001H[2J[001;001H[8;042;160t[2J[001;001H[2J[001;001H[8;056;240t[2J[001;001HBdsDxe: loading Boot0002 "UEFI QEMU QEMU HARDDISK " from PciRoot(0x0)/Pci(0x4,0x0)/Scsi(0x0,0x0)
BdsDxe: starting Boot0002 "UEFI QEMU QEMU HARDDISK " from PciRoot(0x0)/Pci(0x4,0x0)/Scsi(0x0,0x0)
 [1m[37m[40m[0m[37m[40m[2J[001;001H[021;057H[1m[30m[47m[0m[30m[47m   DuDuClaw OS 0.1.0-y1-bringup (y1-bringup)   [022;057H[1m[37m[40m[0m[37m[40m        Reboot Into Firmware Interface         [024;001H[1m[37m[40m[0m[37m[40m                                                                          Boot in 5s.                                                                          [023;054H[1m[37m[40m[0m[37m[40m─────────────────────────────────────────────────────[024;001H[1m[37m[40m[0m[37m[40m                                                                          Boot in 4s.                                                                          [023;054H[1m[37m[40m[0m[37m[40m─────────────────────────────────────────────────────[024;001H[1m[37m[40m[0m[37m[40m                                                                          Boot in 3s.                                                                          [023;054H[1m[37m[40m[0m[37m[40m─────────────────────────────────────────────────────[024;001H[1m[37m[40m[0m[37m[40m                                                                          Boot in 2s.                                                                          [023;054H[1m[37m[40m[0m[37m[40m─────────────────────────────────────────────────────[024;001H[1m[37m[40m[0m[37m[40m                                                                          Boot in 1s.                                                                          [023;054H[1m[37m[40m[0m[37m[40m─────────────────────────────────────────────────────[1m[37m[40m[0m[37m[40m[2J[001;001H[    0.000000] Linux version 6.18.24-yocto-standard (oe-user@oe-host) (x86_64-poky-linux-gcc (GCC) 15.3.0, GNU ld (GNU Binutils) 2.46.1) #1 SMP PREEMPT_DYNAMIC Thu Apr 23 15:17:42 UTC 2026
[    0.000000] Command line: rootwait root=LABEL=root console=ttyS0,115200
[    0.000000] BIOS-provided physical RAM map:
[    0.000000] BIOS-e820: [mem 0x0000000000000000-0x000000000009ffff] usable
[    0.000000] BIOS-e820: [mem 0x0000000000100000-0x00000000007fffff] usable
[    0.000000] BIOS-e820: [mem 0x0000000000800000-0x0000000000807fff] ACPI NVS
[    0.000000] BIOS-e820: [mem 0x0000000000808000-0x000000000080afff] usable
[    0.000000] BIOS-e820: [mem 0x000000000080b000-0x000000000080bfff] ACPI NVS
[    0.000000] BIOS-e820: [mem 0x000000000080c000-0x0000000000813fff] usable
[    0.000000] BIOS-e820: [mem 0x0000000000814000-0x00000000008fffff] ACPI NVS
[    0.000000] BIOS-e820: [mem 0x0000000000900000-0x000000000f8ecfff] usable
[    0.000000] BIOS-e820: [mem 0x000000000f8ed000-0x000000000fb6cfff] reserved
[    0.000000] BIOS-e820: [mem 0x000000000fb6d000-0x000000000fb7efff] ACPI data
[    0.000000] BIOS-e820: [mem 0x000000000fb7f000-0x000000000fbfefff] ACPI NVS
[    0.000000] BIOS-e820: [mem 0x000000000fbff000-0x000000000fedbfff] usable
[    0.000000] BIOS-e820: [mem 0x000000000fedc000-0x000000000ff5ffff] reserved
[    0.000000] BIOS-e820: [mem 0x000000000ff60000-0x000000000fffffff] ACPI NVS
[    0.000000] BIOS-e820: [mem 0x00000000e0000000-0x00000000efffffff] reserved
[    0.000000] BIOS-e820: [mem 0x00000000ffc00000-0x00000000ffffffff] reserved
[    0.000000] NX (Execute Disable) protection: active
[    0.000000] APIC: Static calls initialized
[    0.000000] efi: EFI v2.7 by EDK II
[    0.000000] efi: SMBIOS=0xf93a000 ACPI=0xfb7e000 ACPI 2.0=0xfb7e014 MEMATTR=0xe41e298 INITRD=0xe405e98 RNG=0xfb73018 
[    0.000000] random: crng init done
[    0.000000] efi: Remove mem138: MMIO range=[0xffc00000-0xffffffff] (4MB) from e820 map
[    0.000000] SMBIOS 2.8 present.
[    0.000000] DMI: QEMU Standard PC (Q35 + ICH9, 2009), BIOS unknown 02/02/2022
[    0.000000] DMI: Memory slots populated: 1/1
[    0.000000] tsc: Fast TSC calibration using PIT
[    0.000000] tsc: Detected 1000.005 MHz processor
[    0.000816] last_pfn = 0xfedc max_arch_pfn = 0x400000000
[    0.001782] MTRR map: 4 entries (2 fixed + 2 variable; max 18), built from 8 variable MTRRs
[    0.001967] x86/PAT: Configuration [0-7]: WB  WC  UC- UC  WB  WP  UC- WT  
[    0.036687] Secure boot disabled
[    0.036717] RAMDISK: [mem 0x08e20000-0x09fe5fff]
[    0.037045] ACPI: Early table checksum verification disabled
[    0.037543] ACPI: RSDP 0x000000000FB7E014 000024 (v02 BOCHS )
[    0.037757] ACPI: XSDT 0x000000000FB7D0E8 000054 (v01 BOCHS  BXPC     00000001      01000013)
[    0.038378] ACPI: FACP 0x000000000FB79000 0000F4 (v03 BOCHS  BXPC     00000001 BXPC 00000001)
[    0.038851] ACPI: DSDT 0x000000000FB7A000 002247 (v01 BOCHS  BXPC     00000001 BXPC 00000001)
[    0.038941] ACPI: FACS 0x000000000FBDD000 000040
[    0.038983] ACPI: APIC 0x000000000FB78000 000090 (v03 BOCHS  BXPC     00000001 BXPC 00000001)
[    0.039010] ACPI: HPET 0x000000000FB77000 000038 (v01 BOCHS  BXPC     00000001 BXPC 00000001)
[    0.039030] ACPI: MCFG 0x000000000FB76000 00003C (v01 BOCHS  BXPC     00000001 BXPC 00000001)
[    0.039050] ACPI: WAET 0x000000000FB75000 000028 (v01 BOCHS  BXPC     00000001 BXPC 00000001)
[    0.039069] ACPI: BGRT 0x000000000FB74000 000038 (v01 INTEL  EDK2     00000002      01000013)
[    0.039145] ACPI: Reserving FACP table memory at [mem 0xfb79000-0xfb790f3]
[    0.039163] ACPI: Reserving DSDT table memory at [mem 0xfb7a000-0xfb7c246]
[    0.039169] ACPI: Reserving FACS table memory at [mem 0xfbdd000-0xfbdd03f]
[    0.039175] ACPI: Reserving APIC table memory at [mem 0xfb78000-0xfb7808f]
[    0.039180] ACPI: Reserving HPET table memory at [mem 0xfb77000-0xfb77037]
[    0.039186] ACPI: Reserving MCFG table memory at [mem 0xfb76000-0xfb7603b]
[    0.039191] ACPI: Reserving WAET table memory at [mem 0xfb75000-0xfb75027]
[    0.039196] ACPI: Reserving BGRT table memory at [mem 0xfb74000-0xfb74037]
[    0.041692] Zone ranges:
[    0.041709]   DMA      [mem 0x0000000000001000-0x0000000000ffffff]
[    0.041755]   DMA32    [mem 0x0000000001000000-0x000000000fedbfff]
[    0.041765]   Normal   empty
[    0.041778] Movable zone start for each node
[    0.041799] Early memory node ranges
[    0.041818]   node   0: [mem 0x0000000000001000-0x000000000009ffff]
[    0.041911]   node   0: [mem 0x0000000000100000-0x00000000007fffff]
[    0.041916]   node   0: [mem 0x0000000000808000-0x000000000080afff]
[    0.041921]   node   0: [mem 0x000000000080c000-0x0000000000813fff]
[    0.041927]   node   0: [mem 0x0000000000900000-0x000000000f8ecfff]
[    0.041948]   node   0: [mem 0x000000000fbff000-0x000000000fedbfff]
[    0.042036] Initmem setup node 0 [mem 0x0000000000001000-0x000000000fedbfff]
[    0.042610] On node 0, zone DMA: 1 pages in unavailable ranges
[    0.042873] On node 0, zone DMA: 96 pages in unavailable ranges
[    0.042886] On node 0, zone DMA: 8 pages in unavailable ranges
[    0.042892] On node 0, zone DMA: 1 pages in unavailable ranges
[    0.043056] On node 0, zone DMA: 236 pages in unavailable ranges
[    0.047740] On node 0, zone DMA32: 786 pages in unavailable ranges
[    0.047783] On node 0, zone DMA32: 292 pages in unavailable ranges
[    0.048138] ACPI: PM-Timer IO Port: 0x608
[    0.048457] ACPI: LAPIC_NMI (acpi_id[0xff] dfl dfl lint[0x1])
[    0.048731] IOAPIC[0]: apic_id 0, version 32, address 0xfec00000, GSI 0-23
[    0.048816] ACPI: INT_SRC_OVR (bus 0 bus_irq 0 global_irq 2 dfl dfl)
[    0.048990] ACPI: INT_SRC_OVR (bus 0 bus_irq 5 global_irq 5 high level)
[    0.049017] ACPI: INT_SRC_OVR (bus 0 bus_irq 9 global_irq 9 high level)
[    0.049103] ACPI: INT_SRC_OVR (bus 0 bus_irq 10 global_irq 10 high level)
[    0.049112] ACPI: INT_SRC_OVR (bus 0 bus_irq 11 global_irq 11 high level)
[    0.049234] ACPI: Using ACPI (MADT) for SMP configuration information
[    0.049264] ACPI: HPET id: 0x8086a201 base: 0xfed00000
[    0.049525] CPU topo: Max. logical packages:   1
[    0.049532] CPU topo: Max. logical dies:       1
[    0.049539] CPU topo: Max. dies per package:   1
[    0.049590] CPU topo: Max. threads per core:   1
[    0.049696] CPU topo: Num. cores per package:     4
[    0.049706] CPU topo: Num. threads per package:   4
[    0.049714] CPU topo: Allowing 4 present CPUs plus 0 hotplug CPUs
[    0.050329] [mem 0x10000000-0xdfffffff] available for PCI devices
[    0.050714] clocksource: refined-jiffies: mask: 0xffffffff max_cycles: 0xffffffff, max_idle_ns: 1910969940391419 ns
[    0.051058] setup_percpu: NR_CPUS:64 nr_cpumask_bits:4 nr_cpu_ids:4 nr_node_ids:1
[    0.054756] percpu: Embedded 54 pages/cpu s180440 r8192 d32552 u524288
[    0.056183] Kernel command line: rootwait root=LABEL=root console=ttyS0,115200
[    0.056908] printk: log buffer data + meta data: 131072 + 458752 = 589824 bytes
[    0.057135] Dentry cache hash table entries: 32768 (order: 6, 262144 bytes, linear)
[    0.057238] Inode-cache hash table entries: 16384 (order: 5, 131072 bytes, linear)
[    0.060524] Built 1 zonelists, mobility grouping on.  Total pages: 64116
[    0.072233] mem auto-init: stack:all(zero), heap alloc:off, heap free:off
[    0.077913] SLUB: HWalign=64, Order=0-3, MinObjects=0, CPUs=4, Nodes=1
[    0.079193] Kernel/User page tables isolation: enabled
[    0.123506] ftrace: allocating 55014 entries in 216 pages
[    0.123635] ftrace: allocated 216 pages with 4 groups
[    0.127321] Dynamic Preempt: full
[    0.129682] rcu: Preemptible hierarchical RCU implementation.
[    0.129689] rcu: 	RCU event tracing is enabled.
[    0.129703] rcu: 	RCU restricting CPUs from NR_CPUS=64 to nr_cpu_ids=4.
[    0.129837] 	Trampoline variant of Tasks RCU enabled.
[    0.129842] 	Rude variant of Tasks RCU enabled.
[    0.129847] 	Tracing variant of Tasks RCU enabled.
[    0.129941] rcu: RCU calculated value of scheduler-enlistment delay is 100 jiffies.
[    0.129961] rcu: Adjusting geometry for rcu_fanout_leaf=16, nr_cpu_ids=4
[    0.130757] RCU Tasks: Setting shift to 2 and lim to 1 rcu_task_cb_adjust=1 rcu_task_cpu_ids=4.
[    0.130777] RCU Tasks Rude: Setting shift to 2 and lim to 1 rcu_task_cb_adjust=1 rcu_task_cpu_ids=4.
[    0.130787] RCU Tasks Trace: Setting shift to 2 and lim to 1 rcu_task_cb_adjust=1 rcu_task_cpu_ids=4.
[    0.176969] NR_IRQS: 4352, nr_irqs: 456, preallocated irqs: 16
[    0.183756] rcu: srcu_init: Setting srcu_struct sizes based on contention.
[    0.187749] kfence: initialized - using 2097152 bytes for 255 objects at 0x(____ptrval____)-0x(____ptrval____)
[    0.190869] Console: colour dummy device 80x25
[    0.192574] printk: legacy console [ttyS0] enabled
[    0.201284] ACPI: Core revision 20250807
[    0.206282] clocksource: hpet: mask: 0xffffffff max_cycles: 0xffffffff, max_idle_ns: 19112604467 ns
[    0.210566] APIC: Switch to symmetric I/O mode setup
[    0.210978] x2apic: IRQ remapping doesn't support X2APIC mode
[    0.213829] ..TIMER: vector=0x30 apic1=0 pin1=2 apic2=-1 pin2=-1
[    0.223821] clocksource: tsc-early: mask: 0xffffffffffffffff max_cycles: 0xe6a1bd1b6b, max_idle_ns: 440795229785 ns
[    0.224215] Calibrating delay loop (skipped), value calculated using timer frequency.. 2000.01 BogoMIPS (lpj=1000005)
[    0.227888] Last level iTLB entries: 4KB 0, 2MB 0, 4MB 0
[    0.228904] Last level dTLB entries: 4KB 0, 2MB 0, 4MB 0, 1GB 0
[    0.229043] mitigations: Enabled attack vectors: user_kernel, user_user, SMT mitigations: auto
[    0.229402] Speculative Store Bypass: Vulnerable
[    0.229636] SRBDS: Unknown: Dependent on hypervisor status
[    0.229801] Spectre V2 : Mitigation: Retpolines
[    0.229895] RETBleed: Vulnerable
[    0.229947] ITS: Mitigation: Aligned branch/return thunks
[    0.230025] MDS: Vulnerable: Clear CPU buffers attempted, no microcode
[    0.230043] MMIO Stale Data: Vulnerable: Clear CPU buffers attempted, no microcode
[    0.230043] Spectre V1 : Mitigation: usercopy/swapgs barriers and __user pointer sanitization
[    0.230043] Spectre V2 : Spectre v2 / SpectreRSB: Filling RSB on context switch and VMEXIT
[    0.230127] GDS: Unknown: Dependent on hypervisor status
[    0.230211] active return thunk: its_return_thunk
[    0.232689] x86/fpu: Supporting XSAVE feature 0x001: 'x87 floating point registers'
[    0.234043] x86/fpu: Supporting XSAVE feature 0x002: 'SSE registers'
[    0.234043] x86/fpu: Supporting XSAVE feature 0x004: 'AVX registers'
[    0.234043] x86/fpu: xstate_offset[2]:  576, xstate_sizes[2]:  256
[    0.234043] x86/fpu: Enabled xstate features 0x7, context size is 832 bytes, using 'standard' format.
[    0.309287] Freeing SMP alternatives memory: 60K
[    0.309950] pid_max: default: 32768 minimum: 301
[    0.311715] LSM: initializing lsm=capability,landlock
[    0.312615] landlock: Up and running.
[    0.314848] Mount-cache hash table entries: 512 (order: 0, 4096 bytes, linear)
[    0.314969] Mountpoint-cache hash table entries: 512 (order: 0, 4096 bytes, linear)
[    0.379043] smpboot: CPU0: Intel Core Processor (Skylake) (family: 0x6, model: 0x5e, stepping: 0x3)
[    0.385368] Performance Events: unsupported CPU family 6 model 94 no PMU driver, software events only.
[    0.386310] signal: max sigframe size: 1776
[    0.387097] rcu: Hierarchical SRCU implementation.
[    0.387169] rcu: 	Max phase no-delay instances is 400.
[    0.388632] Timer migration: 1 hierarchy levels; 8 children per group; 1 crossnode level
[    0.406579] smp: Bringing up secondary CPUs ...
[    0.411359] smpboot: x86: Booting SMP configuration:
[    0.411449] .... node  #0, CPUs:      #1 #2 #3
[    0.601140] smp: Brought up 1 node, 4 CPUs
[    0.601291] smpboot: Total of 4 processors activated (8032.37 BogoMIPS)
[    0.608007] Memory: 159176K/256464K available (20019K kernel code, 2460K rwdata, 6092K rodata, 3620K init, 1912K bss, 92272K reserved, 0K cma-reserved)
[    0.615067] devtmpfs: initialized
[    0.623180] ACPI: PM: Registering ACPI NVS region [mem 0x00800000-0x00807fff] (32768 bytes)
[    0.623337] ACPI: PM: Registering ACPI NVS region [mem 0x0080b000-0x0080bfff] (4096 bytes)
[    0.623406] ACPI: PM: Registering ACPI NVS region [mem 0x00814000-0x008fffff] (966656 bytes)
[    0.623510] ACPI: PM: Registering ACPI NVS region [mem 0x0fb7f000-0x0fbfefff] (524288 bytes)
[    0.623603] ACPI: PM: Registering ACPI NVS region [mem 0x0ff60000-0x0fffffff] (655360 bytes)
[    0.625147] clocksource: jiffies: mask: 0xffffffff max_cycles: 0xffffffff, max_idle_ns: 1911260446275000 ns
[    0.625563] posixtimers hash table entries: 2048 (order: 3, 32768 bytes, linear)
[    0.626320] futex hash table entries: 1024 (65536 bytes on 1 NUMA nodes, total 64 KiB, linear).
[    0.627863] pinctrl core: initialized pinctrl subsystem
[    0.637711] NET: Registered PF_NETLINK/PF_ROUTE protocol family
[    0.643285] thermal_sys: Registered thermal governor 'step_wise'
[    0.643599] cpuidle: using governor menu
[    0.651841] efi: Freeing EFI boot services memory: 30644K
[    0.653995] PCI: ECAM [mem 0xe0000000-0xefffffff] (base 0xe0000000) for domain 0000 [bus 00-ff]
[    0.655642] PCI: Using configuration type 1 for base access
[    0.656043] mtrr: your CPUs had inconsistent fixed MTRR settings
[    0.656085] mtrr: your CPUs had inconsistent variable MTRR settings
[    0.656161] mtrr: your CPUs had inconsistent MTRRdefType settings
[    0.656213] mtrr: probably your BIOS does not setup all CPUs.
[    0.656261] mtrr: corrected configuration.
[    0.657969] kprobes: kprobe jump-optimization is enabled. All kprobes are optimized if possible.
[    0.688083] raid6: avx2x4   gen()  1640 MB/s
[    0.704600] raid6: avx2x2   gen()  2478 MB/s
[    0.720922] raid6: avx2x1   gen()  2318 MB/s
[    0.721043] raid6: using algorithm avx2x2 gen() 2478 MB/s
[    0.738870] raid6: .... xor() 1366 MB/s, rmw enabled
[    0.739043] raid6: using avx2x2 recovery algorithm
[    0.740962] ACPI: Added _OSI(Module Device)
[    0.741043] ACPI: Added _OSI(Processor Device)
[    0.741043] ACPI: Added _OSI(Processor Aggregator Device)
[    0.766995] ACPI: 1 ACPI AML tables successfully acquired and loaded
[    0.786254] ACPI: Interpreter enabled
[    0.787366] ACPI: PM: (supports S0 S3 S5)
[    0.787444] ACPI: Using IOAPIC for interrupt routing
[    0.788508] PCI: Using host bridge windows from ACPI; if necessary, use "pci=nocrs" and report a bug
[    0.788610] PCI: Using E820 reservations for host bridge windows
[    0.789538] ACPI: Enabled 2 GPEs in block 00 to 3F
[    0.817878] ACPI: PCI Root Bridge [PCI0] (domain 0000 [bus 00-ff])
[    0.818577] acpi PNP0A08:00: _OSC: OS supports [ExtendedConfig ASPM ClockPM Segments MSI HPX-Type3]
[    0.819927] acpi PNP0A08:00: _OSC: platform does not support [LTR]
[    0.820953] acpi PNP0A08:00: _OSC: OS now controls [PME PCIeCapability]
[    0.823558] PCI host bridge to bus 0000:00
[    0.824202] pci_bus 0000:00: root bus resource [io  0x0000-0x0cf7 window]
[    0.824334] pci_bus 0000:00: root bus resource [io  0x0d00-0xffff window]
[    0.824397] pci_bus 0000:00: root bus resource [mem 0x000a0000-0x000bffff window]
[    0.824462] pci_bus 0000:00: root bus resource [mem 0x10000000-0xdfffffff window]
[    0.824531] pci_bus 0000:00: root bus resource [mem 0xf0000000-0xfebfffff window]
[    0.824599] pci_bus 0000:00: root bus resource [mem 0x800000000-0xfffffffff window]
[    0.824762] pci_bus 0000:00: root bus resource [bus 00-ff]
[    0.826105] pci 0000:00:00.0: [8086:29c0] type 00 class 0x060000 conventional PCI endpoint
[    0.829664] pci 0000:00:01.0: [1234:1111] type 00 class 0x030000 conventional PCI endpoint
[    0.830766] pci 0000:00:01.0: BAR 0 [mem 0x80000000-0x80ffffff pref]
[    0.830893] pci 0000:00:01.0: BAR 2 [mem 0x81045000-0x81045fff]
[    0.831023] pci 0000:00:01.0: ROM [mem 0xffff0000-0xffffffff pref]
[    0.831321] pci 0000:00:01.0: Video device with shadowed ROM at [mem 0x000c0000-0x000dffff]
[    0.832043] pci 0000:00:02.0: [1af4:1000] type 00 class 0x020000 conventional PCI endpoint
[    0.834065] pci 0000:00:02.0: BAR 0 [io  0x6120-0x613f]
[    0.834191] pci 0000:00:02.0: BAR 1 [mem 0x81044000-0x81044fff]
[    0.834510] pci 0000:00:02.0: BAR 4 [mem 0x800000000-0x800003fff 64bit pref]
[    0.834624] pci 0000:00:02.0: ROM [mem 0xfffc0000-0xffffffff pref]
[    0.835550] pci 0000:00:03.0: [1af4:1005] type 00 class 0x00ff00 conventional PCI endpoint
[    0.837073] pci 0000:00:03.0: BAR 0 [io  0x6100-0x611f]
[    0.837225] pci 0000:00:03.0: BAR 1 [mem 0x81043000-0x81043fff]
[    0.837287] pci 0000:00:03.0: BAR 4 [mem 0x800004000-0x800007fff 64bit pref]
[    0.839269] pci 0000:00:04.0: [1af4:1004] type 00 class 0x010000 conventional PCI endpoint
[    0.841043] pci 0000:00:04.0: BAR 0 [io  0x6040-0x607f]
[    0.841066] pci 0000:00:04.0: BAR 1 [mem 0x81042000-0x81042fff]
[    0.841126] pci 0000:00:04.0: BAR 4 [mem 0x800008000-0x80000bfff 64bit pref]
[    0.842324] pci 0000:00:1d.0: [8086:2934] type 00 class 0x0c0300 conventional PCI endpoint
[    0.843065] pci 0000:00:1d.0: BAR 4 [io  0x60e0-0x60ff]
[    0.843628] pci 0000:00:1d.1: [8086:2935] type 00 class 0x0c0300 conventional PCI endpoint
[    0.844062] pci 0000:00:1d.1: BAR 4 [io  0x60c0-0x60df]
[    0.844591] pci 0000:00:1d.2: [8086:2936] type 00 class 0x0c0300 conventional PCI endpoint
[    0.845607] pci 0000:00:1d.2: BAR 4 [io  0x60a0-0x60bf]
[    0.846251] pci 0000:00:1d.7: [8086:293a] type 00 class 0x0c0320 conventional PCI endpoint
[    0.846821] pci 0000:00:1d.7: BAR 0 [mem 0x81041000-0x81041fff]
[    0.847502] pci 0000:00:1f.0: [8086:2918] type 00 class 0x060100 conventional PCI endpoint
[    0.847917] pci 0000:00:1f.0: quirk: [io  0x0600-0x067f] claimed by ICH6 ACPI/GPIO/TCO
[    0.848571] pci 0000:00:1f.2: [8086:2922] type 00 class 0x010601 conventional PCI endpoint
[    0.849517] pci 0000:00:1f.2: BAR 4 [io  0x6080-0x609f]
[    0.849599] pci 0000:00:1f.2: BAR 5 [mem 0x81040000-0x81040fff]
[    0.850210] pci 0000:00:1f.3: [8086:2930] type 00 class 0x0c0500 conventional PCI endpoint
[    0.850825] pci 0000:00:1f.3: BAR 4 [io  0x6000-0x603f]
[    0.854495] ACPI: PCI: Interrupt link LNKA configured for IRQ 10
[    0.855619] ACPI: PCI: Interrupt link LNKB configured for IRQ 10
[    0.856218] ACPI: PCI: Interrupt link LNKC configured for IRQ 11
[    0.856729] ACPI: PCI: Interrupt link LNKD configured for IRQ 11
[    0.857509] ACPI: PCI: Interrupt link LNKE configured for IRQ 10
[    0.858082] ACPI: PCI: Interrupt link LNKF configured for IRQ 10
[    0.858738] ACPI: PCI: Interrupt link LNKG configured for IRQ 11
[    0.860201] ACPI: PCI: Interrupt link LNKH configured for IRQ 11
[    0.860385] ACPI: PCI: Interrupt link GSIA configured for IRQ 16
[    0.860499] ACPI: PCI: Interrupt link GSIB configured for IRQ 17
[    0.860609] ACPI: PCI: Interrupt link GSIC configured for IRQ 18
[    0.860716] ACPI: PCI: Interrupt link GSID configured for IRQ 19
[    0.860825] ACPI: PCI: Interrupt link GSIE configured for IRQ 20
[    0.860937] ACPI: PCI: Interrupt link GSIF configured for IRQ 21
[    0.861139] ACPI: PCI: Interrupt link GSIG configured for IRQ 22
[    0.861254] ACPI: PCI: Interrupt link GSIH configured for IRQ 23
[    0.864796] iommu: Default domain type: Translated
[    0.864893] iommu: DMA domain TLB invalidation policy: lazy mode
[    0.867226] SCSI subsystem initialized
[    0.868402] ACPI: bus type USB registered
[    0.869127] usbcore: registered new interface driver usbfs
[    0.869717] usbcore: registered new interface driver hub
[    0.869903] usbcore: registered new device driver usb
[    0.870078] pps_core: LinuxPPS API ver. 1 registered
[    0.870133] pps_core: Software ver. 5.3.6 - Copyright 2005-2007 Rodolfo Giometti <giometti@linux.it>
[    0.870496] PTP clock support registered
[    0.874125] efivars: Registered efivars operations
[    0.875224] Advanced Linux Sound Architecture Driver Initialized.
[    0.882423] Bluetooth: Core ver 2.22
[    0.882728] NET: Registered PF_BLUETOOTH protocol family
[    0.883060] Bluetooth: HCI device and connection manager initialized
[    0.883238] Bluetooth: HCI socket layer initialized
[    0.883323] Bluetooth: L2CAP socket layer initialized
[    0.883489] Bluetooth: SCO socket layer initialized
[    0.887433] PCI: Using ACPI for IRQ routing
[    0.892282] pci 0000:00:01.0: vgaarb: setting as boot VGA device
[    0.892401] pci 0000:00:01.0: vgaarb: bridge control possible
[    0.892481] pci 0000:00:01.0: vgaarb: VGA device added: decodes=io+mem,owns=io+mem,locks=none
[    0.892580] vgaarb: loaded
[    0.893031] hpet0: at MMIO 0xfed00000, IRQs 2, 8, 0
[    0.893138] hpet0: 3 comparators, 64-bit 100.000000 MHz counter
[    0.898395] clocksource: Switched to clocksource tsc-early
[    1.177992] pnp: PnP ACPI init
[    1.181706] system 00:04: [mem 0xe0000000-0xefffffff window] has been reserved
[    1.184144] pnp: PnP ACPI: found 5 devices
[    1.206384] clocksource: acpi_pm: mask: 0xffffff max_cycles: 0xffffff, max_idle_ns: 2085701024 ns
[    1.206957] NET: Registered PF_INET protocol family
[    1.207873] IP idents hash table entries: 4096 (order: 3, 32768 bytes, linear)
[    1.212983] tcp_listen_portaddr_hash hash table entries: 256 (order: 0, 4096 bytes, linear)
[    1.213177] Table-perturb hash table entries: 65536 (order: 6, 262144 bytes, linear)
[    1.213294] TCP established hash table entries: 2048 (order: 2, 16384 bytes, linear)
[    1.213499] TCP bind hash table entries: 2048 (order: 4, 65536 bytes, linear)
[    1.213671] TCP: Hash tables configured (established 2048 bind 2048)
[    1.214526] UDP hash table entries: 256 (order: 2, 16384 bytes, linear)
[    1.214762] UDP-Lite hash table entries: 256 (order: 2, 16384 bytes, linear)
[    1.215949] NET: Registered PF_UNIX/PF_LOCAL protocol family
[    1.218604] RPC: Registered named UNIX socket transport module.
[    1.218703] RPC: Registered udp transport module.
[    1.218748] RPC: Registered tcp transport module.
[    1.218791] RPC: Registered tcp-with-tls transport module.
[    1.218838] RPC: Registered tcp NFSv4.1 backchannel transport module.
[    1.219058] pci 0000:00:02.0: ROM [mem 0xfffc0000-0xffffffff pref]: can't claim; no compatible bridge window
[    1.220002] pci 0000:00:02.0: ROM [mem 0x10000000-0x1003ffff pref]: assigned
[    1.220436] pci_bus 0000:00: resource 4 [io  0x0000-0x0cf7 window]
[    1.220512] pci_bus 0000:00: resource 5 [io  0x0d00-0xffff window]
[    1.220567] pci_bus 0000:00: resource 6 [mem 0x000a0000-0x000bffff window]
[    1.220628] pci_bus 0000:00: resource 7 [mem 0x10000000-0xdfffffff window]
[    1.220687] pci_bus 0000:00: resource 8 [mem 0xf0000000-0xfebfffff window]
[    1.220745] pci_bus 0000:00: resource 9 [mem 0x800000000-0xfffffffff window]
[    1.224898] ACPI: \_SB_.GSIA: Enabled at IRQ 16
[    1.232341] ACPI: \_SB_.GSIB: Enabled at IRQ 17
[    1.237674] ACPI: \_SB_.GSIC: Enabled at IRQ 18
[    1.242158] ACPI: \_SB_.GSID: Enabled at IRQ 19
[    1.244915] PCI: CLS 0 bytes, default 64
[    1.246080] RAPL PMU: API unit is 2^-32 Joules, 0 fixed counters, 10737418240 ms ovfl timer
[    1.248583] Trying to unpack rootfs image as initramfs...
[    1.253775] Initialise system trusted keyrings
[    1.255113] workingset: timestamp_bits=46 max_order=16 bucket_order=0
[    1.257899] NFS: Registering the id_resolver key type
[    1.258443] Key type id_resolver registered
[    1.258504] Key type id_legacy registered
[    1.261738] Key type cifs.idmap registered
[    1.343042] xor: automatically using best checksumming function   avx       
[    1.343259] Key type asymmetric registered
[    1.343398] Asymmetric key parser 'x509' registered
[    1.343707] Block layer SCSI generic (bsg) driver version 0.4 loaded (major 250)
[    1.343880] io scheduler mq-deadline registered
[    1.344074] io scheduler kyber registered
[    1.344529] io scheduler bfq registered
[    1.347675] input: Power Button as /devices/LNXSYSTM:00/LNXPWRBN:00/input/input0
[    1.354540] ACPI: button: Power Button [PWRF]
[    1.361485] ACPI: \_SB_.GSIG: Enabled at IRQ 22
[    1.365630] ACPI: \_SB_.GSIH: Enabled at IRQ 23
[    1.368470] ACPI: \_SB_.GSIE: Enabled at IRQ 20
[    1.370253] Serial: 8250/16550 driver, 4 ports, IRQ sharing disabled
[    1.373513] 00:01: ttyS1 at I/O 0x2f8 (irq = 3, base_baud = 115200) is a 16550A
[    1.375304] 00:02: ttyS0 at I/O 0x3f8 (irq = 4, base_baud = 115200) is a 16550A
[    1.387770] Linux agpgart interface v0.103
[    1.388856] ACPI: bus type drm_connector registered
[    1.389565] bochs-drm 0000:00:01.0: vgaarb: deactivate vga console
[    1.391471] [drm] Found bochs VGA, ID 0xb0c5.
[    1.391553] [drm] Framebuffer size 16384 kB @ 0x80000000, mmio @ 0x81045000.
[    1.397118] [drm] Initialized bochs-drm 1.0.0 for 0000:00:01.0 on minor 0
[    1.564940] fbcon: bochs-drmdrmfb (fb0) is primary device
[    1.594814] Console: switching to colour frame buffer device 160x50
[    1.609852] bochs-drm 0000:00:01.0: [drm] fb0: bochs-drmdrmfb frame buffer device
[    1.640581] brd: module loaded
[    1.655761] loop: module loaded
[    1.658087] virtio_scsi virtio2: 4/0/0 default/read/poll queues
[    1.659990] scsi host0: Virtio SCSI HBA
[    1.671080] scsi 0:0:0:0: Direct-Access     QEMU     QEMU HARDDISK    2.5+ PQ: 0 ANSI: 5
[    1.741380] sd 0:0:0:0: Power-on or device reset occurred
[    1.743301] sd 0:0:0:0: [sda] 487910 512-byte logical blocks: (250 MB/238 MiB)
[    1.743712] sd 0:0:0:0: [sda] Write Protect is off
[    1.744554] sd 0:0:0:0: [sda] Write cache: enabled, read cache: enabled, supports DPO and FUA
[    1.750719] ahci 0000:00:1f.2: AHCI vers 0001.0000, 32 command slots, 1.5 Gbps, SATA mode
[    1.750899] ahci 0000:00:1f.2: 6/6 ports implemented (port mask 0x3f)
[    1.751561] ahci 0000:00:1f.2: flags: 64bit ncq only 
[    1.758262] scsi host1: ahci
[    1.759873] scsi host2: ahci
[    1.761149] scsi host3: ahci
[    1.762398]  sda: sda1 sda2
[    1.762519] scsi host4: ahci
[    1.763868] sd 0:0:0:0: [sda] Attached SCSI disk
[    1.764642] scsi host5: ahci
[    1.770933] scsi host6: ahci
[    1.772111] ata1: SATA max UDMA/133 abar m4096@0x81040000 port 0x81040100 irq 33 lpm-pol 1
[    1.772298] ata2: SATA max UDMA/133 abar m4096@0x81040000 port 0x81040180 irq 33 lpm-pol 1
[    1.772367] ata3: SATA max UDMA/133 abar m4096@0x81040000 port 0x81040200 irq 33 lpm-pol 1
[    1.772433] ata4: SATA max UDMA/133 abar m4096@0x81040000 port 0x81040280 irq 33 lpm-pol 1
[    1.772501] ata5: SATA max UDMA/133 abar m4096@0x81040000 port 0x81040300 irq 33 lpm-pol 1
[    1.772567] ata6: SATA max UDMA/133 abar m4096@0x81040000 port 0x81040380 irq 33 lpm-pol 1
[    1.781616] e100: Intel(R) PRO/100 Network Driver
[    1.781719] e100: Copyright(c) 1999-2006 Intel Corporation
[    1.782135] e1000: Intel(R) PRO/1000 Network Driver
[    1.782194] e1000: Copyright (c) 1999-2006 Intel Corporation.
[    1.782357] e1000e: Intel(R) PRO/1000 Network Driver
[    1.782411] e1000e: Copyright(c) 1999 - 2015 Intel Corporation.
[    1.782537] igb: Intel(R) Gigabit Ethernet Network Driver
[    1.782587] igb: Copyright (c) 2007-2014 Intel Corporation.
[    1.788393] ehci-pci 0000:00:1d.7: EHCI Host Controller
[    1.789119] ehci-pci 0000:00:1d.7: new USB bus registered, assigned bus number 1
[    1.790930] ehci-pci 0000:00:1d.7: irq 19, io mem 0x81041000
[    1.797535] ehci-pci 0000:00:1d.7: USB 2.0 started, EHCI 1.00
[    1.803464] hub 1-0:1.0: USB hub found
[    1.804070] hub 1-0:1.0: 6 ports detected
[    1.806854] uhci_hcd 0000:00:1d.0: UHCI Host Controller
[    1.807110] uhci_hcd 0000:00:1d.0: new USB bus registered, assigned bus number 2
[    1.807558] uhci_hcd 0000:00:1d.0: irq 16, io port 0x000060e0
[    1.809174] hub 2-0:1.0: USB hub found
[    1.809356] hub 2-0:1.0: 2 ports detected
[    1.813234] uhci_hcd 0000:00:1d.1: UHCI Host Controller
[    1.815610] uhci_hcd 0000:00:1d.1: new USB bus registered, assigned bus number 3
[    1.816117] uhci_hcd 0000:00:1d.1: irq 17, io port 0x000060c0
[    1.817457] hub 3-0:1.0: USB hub found
[    1.817550] hub 3-0:1.0: 2 ports detected
[    1.823356] uhci_hcd 0000:00:1d.2: UHCI Host Controller
[    1.823480] uhci_hcd 0000:00:1d.2: new USB bus registered, assigned bus number 4
[    1.823716] uhci_hcd 0000:00:1d.2: irq 18, io port 0x000060a0
[    1.824787] hub 4-0:1.0: USB hub found
[    1.824864] hub 4-0:1.0: 2 ports detected
[    1.826344] usbcore: registered new interface driver usb-storage
[    1.826789] usbcore: registered new interface driver usbserial_generic
[    1.827084] usbserial: USB Serial support registered for generic
[    1.827229] usbcore: registered new interface driver ftdi_sio
[    1.827316] usbserial: USB Serial support registered for FTDI USB Serial Device
[    1.827570] usbcore: registered new interface driver pl2303
[    1.827658] usbserial: USB Serial support registered for pl2303
[    1.828287] i8042: PNP: No PS/2 controller found.
[    1.829059] mousedev: PS/2 mouse device common for all mice
[    1.830979] rtc_cmos 00:03: RTC can wake from S4
[    1.833862] rtc_cmos 00:03: registered as rtc0
[    1.834439] rtc_cmos 00:03: setting system clock to 2026-08-25T05:25:35 UTC (1787635535)
[    1.835928] rtc_cmos 00:03: alarms up to one day, y3k, 242 bytes nvram
[    1.838342] device-mapper: ioctl: 4.50.0-ioctl (2025-04-28) initialised: dm-devel@lists.linux.dev
[    1.839557] intel_pstate: CPU model not supported
[    1.839768] sdhci: Secure Digital Host Controller Interface driver
[    1.839834] sdhci: Copyright(c) Pierre Ossman
[    1.840091] sdhci-pltfm: SDHCI platform and OF driver helper
[    1.840511] i801_smbus 0000:00:1f.3: Enabling SMBus device
[    1.840854] i801_smbus 0000:00:1f.3: SMBus using PCI interrupt
[    1.842441] usbcore: registered new interface driver usbhid
[    1.842951] usbhid: USB HID core driver
[    1.843001] i2c i2c-0: Memory type 0x07 not supported yet, not instantiating SPD
[    1.842991] u32 classifier
[    1.842991]     input device check on
[    1.842991]     Actions configured
[    1.845658] NET: Registered PF_INET6 protocol family
[    1.853790] Segment Routing with IPv6
[    1.854267] In-situ OAM (IOAM) with IPv6
[    1.855045] sit: IPv6, IPv4 and MPLS over IPv4 tunneling driver
[    1.856947] NET: Registered PF_PACKET protocol family
[    1.858301] Bridge firewalling registered
[    1.859919] l2tp_core: L2TP core driver, V2.0
[    1.860221] Key type dns_resolver registered
[    1.861529] NET: Registered PF_VSOCK protocol family
[    1.864330] IPI shorthand broadcast: enabled
[    1.880714] sched_clock: Marking stable (1849175872, 30757676)->(2036106112, -156172564)
[    1.882148] registered taskstats version 1
[    1.883657] Loading compiled-in X.509 certificates
[    1.900510] Key type .fscrypt registered
[    1.900631] Key type fscrypt-provisioning registered
[    1.904569] Btrfs loaded, zoned=no, fsverity=no
[    2.044668] usb 1-1: new high-speed USB device number 2 using ehci-pci
[    2.086537] ata1: SATA link down (SStatus 0 SControl 300)
[    2.088258] ata3: SATA link down (SStatus 0 SControl 300)
[    2.088757] ata5: SATA link down (SStatus 0 SControl 300)
[    2.089080] ata4: SATA link down (SStatus 0 SControl 300)
[    2.089365] ata2: SATA link down (SStatus 0 SControl 300)
[    2.089770] ata6: SATA link down (SStatus 0 SControl 300)
[    2.114476] Freeing initrd memory: 18200K
[    2.201420] input: QEMU QEMU USB Tablet as /devices/pci0000:00/0000:00:1d.7/usb1/1-1/1-1:1.0/0003:0627:0001.0001/input/input1
[    2.203131] hid-generic 0003:0627:0001.0001: input: USB HID v0.01 Mouse [QEMU QEMU USB Tablet] on usb-0000:00:1d.7-1/input0
[    2.247276] Key type encrypted registered
[    2.248586] netconsole: network logging started
[    2.250573] clk: Disabling unused clocks
[    2.251007] ALSA device list:
[    2.251250]   No soundcards found.
[    2.296508] tsc: Refined TSC clocksource calibration: 999.995 MHz
[    2.296936] clocksource: tsc: mask: 0xffffffffffffffff max_cycles: 0x1cd424c4a68, max_idle_ns: 881590510633 ns
[    2.298401] clocksource: Switched to clocksource tsc
[    2.316316] usb 1-2: new high-speed USB device number 3 using ehci-pci
[    2.402364] Freeing unused kernel image (initmem) memory: 3620K
[    2.403447] Write protecting the kernel read-only data: 26624k
[    2.406009] Freeing unused kernel image (text/rodata gap) memory: 460K
[    2.406763] Freeing unused kernel image (rodata/data gap) memory: 52K
[    2.407837] Run /init as init process
[    2.462721] input: QEMU QEMU USB Keyboard as /devices/pci0000:00/0000:00:1d.7/usb1/1-2/1-2:1.0/0003:0627:0001.0002/input/input2
[    2.551301] hid-generic 0003:0627:0001.0002: input: USB HID v1.11 Keyboard [QEMU QEMU USB Keyboard] on usb-0000:00:1d.7-2/input0
Starting systemd-udevd version 259.5
[    6.845045] EXT4-fs (sda2): mounted filesystem 231c3880-d41e-466a-bd26-9ccdc57972b8 r/w with ordered data mode. Quota mode: disabled.
[    6.852526] ext3: Unknown parameter 'umask'
[    6.852738] ext2: Unknown parameter 'umask'
[    6.852863] ext4: Unknown parameter 'umask'
[    7.010347] /dev/disk/by-label/root: Can't open blockdev
[    7.010610] /dev/disk/by-label/root: Can't open blockdev
P+q6E616D65\[6n[32766;32766H[6n[!p]104\[0m[?7h[1G[0J[    8.353836] systemd[1]: systemd 259.5 running in system mode (-PAM -AUDIT -SELINUX -APPARMOR +IMA +IPE -SMACK +SECCOMP -GCRYPT -GNUTLS -OPENSSL +ACL +BLKID -CURL -ELFUTILS -FIDO2 -IDN2 -IDN +KMOD -LIBCRYPTSETUP -LIBCRYPTSETUP_PLUGINS +LIBFDISK -PCRE2 -PWQUALITY -P11KIT -QRENCODE -TPM2 -BZIP2 -LZ4 -XZ -ZLIB +ZSTD -BPF_FRAMEWORK -BTF +XKBCOMMON +UTMP -SYSVINIT -LIBARCHIVE)
[    8.354592] systemd[1]: Detected virtualization qemu.
[    8.355105] systemd[1]: Detected architecture x86-64.

[0;1;39mWelcome to [0m[1mDuDuClaw OS 0.1.0-y1-bringup (y1-bringup)[0m[0;1;39m![0m

[    8.365555] systemd[1]: Initializing machine ID from random generator.
[    8.383943] systemd[1]: Hostname set to <duduclaw-qemux86-64>.
]3008;start=61f9fbc83ad542009d5c2561bbe7f850;user=root;hostname=duduclaw-qemux86-64;machineid=4cbc77e2ae76453899132cbe2190e8fa;bootid=df96580ff3964997bca352bc676d170c;pid=1;pidfdid=2;comm=systemd;type=boot\[    9.492179] systemd[1]: Queued start job for default target Multi-User System.
[    9.535054] systemd[1]: Created slice Slice /system/getty.
[[0;32m  OK  [0m] Created slice [0;1;39mSlice /system/getty[0m.
[    9.544212] systemd[1]: Created slice Slice /system/modprobe.
[[0;32m  OK  [0m] Created slice [0;1;39mSlice /system/modprobe[0m.
[    9.550544] systemd[1]: Created slice Slice /system/serial-getty.
[[0;32m  OK  [0m] Created slice [0;1;39mSlice /system/serial-getty[0m.
[    9.556030] systemd[1]: Created slice User and Session Slice.
[[0;32m  OK  [0m] Created slice [0;1;39mUser and Session Slice[0m.
[    9.559587] systemd[1]: Started Dispatch Password Requests to Console Directory Watch.
[[0;32m  OK  [0m] Started [0;1;39mDispatch Password Requests to Console Directory Watch[0m.
[    9.561532] systemd[1]: Started Forward Password Requests to Wall Directory Watch.
[[0;32m  OK  [0m] Started [0;1;39mForward Password Requests to Wall Directory Watch[0m.
[    9.563507] systemd[1]: Expecting device /dev/disk/by-uuid/6119-C76B...
         Expecting device [0;1;39m/dev/disk/by-uuid/6119-C76B[0m...
[    9.564616] systemd[1]: Expecting device /dev/ttyS0...
         Expecting device [0;1;39m/dev/ttyS0[0m...
[    9.565929] systemd[1]: Reached target Path Units.
[[0;32m  OK  [0m] Reached target [0;1;39mPath Units[0m.
[    9.566846] systemd[1]: Reached target Remote File Systems.
[[0;32m  OK  [0m] Reached target [0;1;39mRemote File Systems[0m.
[    9.567906] systemd[1]: Reached target Slice Units.
[[0;32m  OK  [0m] Reached target [0;1;39mSlice Units[0m.
[    9.568885] systemd[1]: Reached target Swaps.
[[0;32m  OK  [0m] Reached target [0;1;39mSwaps[0m.
[    9.573678] systemd[1]: Listening on Syslog Socket.
[[0;32m  OK  [0m] Listening on [0;1;39mSyslog Socket[0m.
[    9.588242] systemd[1]: Listening on Query the User Interactively for a Password.
[[0;32m  OK  [0m] Listening on [0;1;39mQuery the User Interactively for a Password[0m.
[    9.600046] systemd[1]: Listening on Credential Encryption/Decryption.
[[0;32m  OK  [0m] Listening on [0;1;39mCredential Encryption/Decryption[0m.
[    9.615185] systemd[1]: Listening on Factory Reset Management.
[[0;32m  OK  [0m] Listening on [0;1;39mFactory Reset Management[0m.
[    9.619254] systemd[1]: Journal Audit Socket skipped, unmet condition check ConditionSecurity=audit
[    9.622343] systemd[1]: Listening on Journal Socket (/dev/log).
[[0;32m  OK  [0m] Listening on [0;1;39mJournal Socket (/dev/log)[0m.
[    9.625691] systemd[1]: Listening on Journal Sockets.
[[0;32m  OK  [0m] Listening on [0;1;39mJournal Sockets[0m.
[    9.642017] systemd[1]: Listening on Console Output Muting Service Socket.
[[0;32m  OK  [0m] Listening on [0;1;39mConsole Output Muting Service Socket[0m.
[    9.648212] systemd[1]: Listening on Network Management Resolve Hook Socket.
[[0;32m  OK  [0m] Listening on [0;1;39mNetwork Management Resolve Hook Socket[0m.
[    9.653275] systemd[1]: Listening on Network Management Varlink Socket.
[[0;32m  OK  [0m] Listening on [0;1;39mNetwork Management Varlink Socket[0m.
[    9.657529] systemd[1]: Listening on Network Management Netlink Socket.
[[0;32m  OK  [0m] Listening on [0;1;39mNetwork Management Netlink Socket[0m.
[    9.660117] systemd[1]: Listening on Resolve Monitor Varlink Socket.
[[0;32m  OK  [0m] Listening on [0;1;39mResolve Monitor Varlink Socket[0m.
[    9.662127] systemd[1]: Listening on Resolve Service Varlink Socket.
[[0;32m  OK  [0m] Listening on [0;1;39mResolve Service Varlink Socket[0m.
[    9.664545] systemd[1]: Listening on udev Control Socket.
[[0;32m  OK  [0m] Listening on [0;1;39mudev Control Socket[0m.
[    9.666547] systemd[1]: Listening on udev Kernel Socket.
[[0;32m  OK  [0m] Listening on [0;1;39mudev Kernel Socket[0m.
[    9.669153] systemd[1]: Listening on udev Varlink Socket.
[[0;32m  OK  [0m] Listening on [0;1;39mudev Varlink Socket[0m.
[    9.673247] systemd[1]: Listening on User Database Manager Socket.
[[0;32m  OK  [0m] Listening on [0;1;39mUser Database Manager Socket[0m.
[    9.677040] systemd[1]: Huge Pages File System skipped, unmet condition check ConditionPathExists=/sys/kernel/mm/hugepages
[    9.706496] systemd[1]: Mounting POSIX Message Queue File System...
         Mounting [0;1;39mPOSIX Message Queue File System[0m...
[    9.728450] systemd[1]: Mounting Kernel Debug File System...
         Mounting [0;1;39mKernel Debug File System[0m...
[    9.747501] systemd[1]: Mounting Kernel Trace File System...
         Mounting [0;1;39mKernel Trace File System[0m...
[    9.752889] systemd[1]: tmp.mount: x-systemd.graceful-option=usrquota specified, but option is not available, suppressing.
[    9.769673] systemd[1]: Mounting Temporary Directory /tmp...
         Mounting [0;1;39mTemporary Directory /tmp[0m...
[    9.771646] systemd[1]: Create List of Static Device Nodes skipped, unmet condition check ConditionFileNotEmpty=/lib/modules/6.18.24-yocto-standard/modules.devname
[    9.789737] systemd[1]: Starting Load Kernel Module configfs...
         Starting [0;1;39mLoad Kernel Module configfs[0m...
[    9.797360] systemd[1]: Load Kernel Module drm skipped, unmet condition check ConditionKernelModuleLoaded=!drm
[    9.821493] systemd[1]: Starting Load Kernel Module fuse...
         Starting [0;1;39mLoad Kernel Module fuse[0m...
[    9.826148] systemd[1]: File System Check on Root Device skipped, unmet condition check ConditionPathIsReadWrite=!/
[    9.877002] systemd[1]: Starting Journal Service...
         Starting [0;1;39mJournal Service[0m...
[    9.883383] systemd[1]: Load Kernel Modules skipped, no trigger condition checks were met.
[    9.892854] systemd[1]: Starting Generate Network Units from Kernel Command Line...
         Starting [0;1;39mGenerate Network Units from Kernel Command Line[0m...
[    9.903827] systemd[1]: Starting Remount Root and Kernel File Systems...
         Starting [0;1;39mRemount Root and Kernel File Systems[0m...
[    9.916303] systemd[1]: Starting Apply Kernel Variables...
         Starting [0;1;39mApply Kernel Variables[0m...
[    9.935637] systemd[1]: Starting Create Static Device Nodes in /dev gracefully...
         Starting [0;1;39mCreate Static Device Nodes in /dev gracefully[0m...
[    9.955851] systemd[1]: Starting Load udev Rules from Credentials...
         Starting [0;1;39mLoad udev Rules from Credentials[0m...
[    9.981087] systemd[1]: Starting Coldplug All udev Devices...
         Starting [0;1;39mColdplug All udev Devices[0m...
[   10.060921] EXT4-fs (sda2): re-mounted 231c3880-d41e-466a-bd26-9ccdc57972b8.
[   10.114598] systemd[1]: Mounted POSIX Message Queue File System.
[[0;32m  OK  [0m] Mounted [0;1;39mPOSIX Message Queue File System[0m.
[   10.118183] systemd[1]: Mounted Kernel Debug File System.
[[0;32m  OK  [0m] Mounted [0;1;39mKernel Debug File System[0m.
[   10.120873] systemd[1]: Mounted Kernel Trace File System.
[[0;32m  OK  [0m] Mounted [0;1;39mKernel Trace File System[0m.
[   10.123564] systemd[1]: Mounted Temporary Directory /tmp.
[[0;32m  OK  [0m] Mounted [0;1;39mTemporary Directory /tmp[0m.
[   10.131923] systemd[1]: modprobe@configfs.service: Deactivated successfully.
[   10.135225] systemd-journald[484]: Collecting audit messages is disabled.
[   10.139725] systemd[1]: Finished Load Kernel Module configfs.
[[0;32m  OK  [0m] Finished [0;1;39mLoad Kernel Module configfs[0m.
[   10.147281] systemd[1]: modprobe@fuse.service: Deactivated successfully.
[   10.149496] systemd[1]: Finished Load Kernel Module fuse.
[[0;32m  OK  [0m] Finished [0;1;39mLoad Kernel Module fuse[0m.
[   10.157492] systemd[1]: Finished Generate Network Units from Kernel Command Line.
[[0;32m  OK  [0m] Finished [0;1;39mGenerate Network Units from Kernel Command Line[0m.
[   10.171737] systemd[1]: Finished Remount Root and Kernel File Systems.
[[0;32m  OK  [0m] Finished [0;1;39mRemount Root and Kernel File Systems[0m.
[   10.177156] systemd[1]: Finished Apply Kernel Variables.
[[0;32m  OK  [0m] Finished [0;1;39mApply Kernel Variables[0m.
[   10.182740] systemd[1]: Finished Create Static Device Nodes in /dev gracefully.
[[0;32m  OK  [0m] Finished [0;1;39mCreate Static Device Nodes in /dev gracefully[0m.
[   10.187495] systemd[1]: Finished Load udev Rules from Credentials.
[[0;32m  OK  [0m] Finished [0;1;39mLoad udev Rules from Credentials[0m.
[   10.192779] systemd[1]: Reached target Preparation for Network.
[[0;32m  OK  [0m] Reached target [0;1;39mPreparation for Network[0m.
[   10.195233] systemd[1]: Rebuild Hardware Database skipped, no trigger condition checks were met.
[   10.204492] systemd[1]: Starting Create System Users...
         Starting [0;1;39mCreate System Users[0m...
[   10.326816] systemd[1]: Starting User Database Manager...
         Starting [0;1;39mUser Database Manager[0m...
[   10.565275] systemd[1]: Started User Database Manager.
[[0;32m  OK  [0m] Started [0;1;39mUser Database Manager[0m.
[   10.608670] systemd[1]: Finished Create System Users.
[[0;32m  OK  [0m] Finished [0;1;39mCreate System Users[0m.
[   10.626842] systemd[1]: Starting Network Name Resolution...
         Starting [0;1;39mNetwork Name Resolution[0m...
[   10.644847] systemd[1]: Starting Network Time Synchronization...
         Starting [0;1;39mNetwork Time Synchronization[0m...
[   10.680174] systemd[1]: Starting Create Static Device Nodes in /dev...
         Starting [0;1;39mCreate Static Device Nodes in /dev[0m...
[   10.738864] systemd[1]: Started Journal Service.
[[0;32m  OK  [0m] Started [0;1;39mJournal Service[0m.
         Starting [0;1;39mFlush Journal to Persistent Storage[0m...
[[0;32m  OK  [0m] Finished [0;1;39mCreate Static Device Nodes in /dev[0m.
[   10.950511] systemd-journald[484]: Received client request to flush runtime journal.
[[0;32m  OK  [0m] Finished [0;1;39mFlush Journal to Persistent Storage[0m.
[[0;32m  OK  [0m] Reached target [0;1;39mPreparation for Local File Systems[0m.
         Starting [0;1;39mRule-based Manager for Device Events and Files[0m...
         Mounting [0;1;39m/var/volatile[0m...
[[0;32m  OK  [0m] Mounted [0;1;39m/var/volatile[0m.
         Starting [0;1;39mLoad/Save OS Random Seed[0m...
[[0;32m  OK  [0m] Finished [0;1;39mLoad/Save OS Random Seed[0m.
[[0;32m  OK  [0m] Started [0;1;39mNetwork Name Resolution[0m.
[[0;32m  OK  [0m] Reached target [0;1;39mHost and Network Name Lookups[0m.
[[0;32m  OK  [0m] Started [0;1;39mNetwork Time Synchronization[0m.
[[0;32m  OK  [0m] Reached target [0;1;39mSystem Time Set[0m.
[[0;32m  OK  [0m] Started [0;1;39mRule-based Manager for Device Events and Files[0m.
         Starting [0;1;39mNetwork Management[0m...
[[0;32m  OK  [0m] Started [0;1;39mNetwork Management[0m.
[[0;32m  OK  [0m] Reached target [0;1;39mNetwork[0m.
         Starting [0;1;39mEnable Persistent Storage in systemd-networkd[0m...
[[0;32m  OK  [0m] Finished [0;1;39mEnable Persistent Storage in systemd-networkd[0m.
[[0;32m  OK  [0m] Finished [0;1;39mColdplug All udev Devices[0m.
[[0;32m  OK  [0m] Found device [0;1;39m/dev/ttyS0[0m.
[[0;32m  OK  [0m] Found device [0;1;39mQEMU_HARDDISK boot[0m.
         Mounting [0;1;39m/boot[0m...
[[0;32m  OK  [0m] Mounted [0;1;39m/boot[0m.
[[0;32m  OK  [0m] Reached target [0;1;39mLocal File Systems[0m.
[[0;32m  OK  [0m] Listening on [0;1;39mLoad/Save RF Kill Switch Status /dev/rfkill Watch[0m.
         Starting [0;1;39mCreate System Files and Directories[0m...
         Starting [0;1;39mLoad JSON user/group Records from Credentials[0m...
         Starting [0;1;39mVirtual Console Setup[0m...
[[0;32m  OK  [0m] Finished [0;1;39mLoad JSON user/group Records from Credentials[0m.
[[0;32m  OK  [0m] Finished [0;1;39mCreate System Files and Directories[0m.
         Starting [0;1;39mRebuild Dynamic Linker Cache[0m...
         Starting [0;1;39mRebuild Journal Catalog[0m...
         Starting [0;1;39mRecord System Boot/Shutdown in UTMP[0m...
[[0;32m  OK  [0m] Finished [0;1;39mVirtual Console Setup[0m.
[[0;32m  OK  [0m] Finished [0;1;39mRecord System Boot/Shutdown in UTMP[0m.
[[0;32m  OK  [0m] Finished [0;1;39mRebuild Dynamic Linker Cache[0m.
[[0;32m  OK  [0m] Finished [0;1;39mRebuild Journal Catalog[0m.
         Starting [0;1;39mUpdate is Completed[0m...
[[0;32m  OK  [0m] Finished [0;1;39mUpdate is Completed[0m.
[[0;32m  OK  [0m] Reached target [0;1;39mSystem Initialization[0m.
[[0;32m  OK  [0m] Started [0;1;39mDaily Cleanup of Temporary Directories[0m.
[[0;32m  OK  [0m] Reached target [0;1;39mTimer Units[0m.
[[0;32m  OK  [0m] Listening on [0;1;39mD-Bus System Message Bus Socket[0m.
[[0;32m  OK  [0m] Listening on [0;1;39mdropbear.socket[0m.
[[0;32m  OK  [0m] Listening on [0;1;39mHostname Service Socket[0m.
[[0;32m  OK  [0m] Listening on [0;1;39mUser Login Management Varlink Socket[0m.
[[0;32m  OK  [0m] Reached target [0;1;39mSocket Units[0m.
[[0;32m  OK  [0m] Reached target [0;1;39mBasic System[0m.
[[0;32m  OK  [0m] Started [0;1;39mKernel Logging Service[0m.
[[0;32m  OK  [0m] Started [0;1;39mSystem Logging Service[0m.
         Starting [0;1;39mD-Bus System Message Bus[0m...
[[0;32m  OK  [0m] Started [0;1;39mGetty on tty1[0m.
[[0;32m  OK  [0m] Started [0;1;39mSerial Getty on ttyS0[0m.
[[0;32m  OK  [0m] Reached target [0;1;39mLogin Prompts[0m.
         Starting [0;1;39mUser Login Management[0m...
[[0;32m  OK  [0m] Started [0;1;39mD-Bus System Message Bus[0m.
[[0;32m  OK  [0m] Started [0;1;39mUser Login Management[0m.
[[0;32m  OK  [0m] Reached target [0;1;39mMulti-User System[0m.
[!p]104\[0m[?7h[1G[0J[6n[32766;32766H[6n[!p]104\[0m[?7h[1G[0J[6n[32766;32766H[6n]3008;start=cd88dad3b4ba4e768003fd646bdce376;user=root;hostname=duduclaw-qemux86-64;machineid=4cbc77e2ae76453899132cbe2190e8fa;bootid=df96580ff3964997bca352bc676d170c;pid=580;pidfdid=581;comm=(agetty);servicename=serial-getty@ttyS0.service;invocationid=84ead1cb74c04c2e9b20ebc2c8d073a8;type=service\P+q6E616D65\
DuDuClaw OS 0.1.0-y1-bringup duduclaw-qemux86-64 ttyS0

duduclaw-qemux86-64 login: 